---
source: crates/parser/tests/snapshots.rs
expression: item
input_file: crates/parser/tests/items/breachstone.txt
---
Item {
    item_class: "Breachstones",
    rarity: Normal,
    name: None,
    base_type: Some(
        "Breachstone",
    ),
    item_level: None,
    quality: None,
    requirements: Requirements {
        level: None,
        strength: None,
        dexterity: None,
        intelligence: None,
    },
    sockets: None,
    stack_size: None,
    properties: [],
    rune_mods: [],
    modifiers: [],
    flavour_text: [],
    notes: [],
    corrupted: false,
    mirrored: false,
    unidentified: false,
    fractured: false,
    flags: [],
}
