---
source: crates/trade-api/tests/query_builder.rs
expression: req
---
{
  "query": {
    "status": {
      "option": "online"
    },
    "stats": [
      {
        "type": "and",
        "filters": [
          {
            "id": "implicit.stat_1671376347",
            "value": {
              "min": 25,
              "max": 30
            },
            "disabled": false
          }
        ]
      }
    ],
    "filters": {
      "type_filters": {
        "filters": {
          "category": {
            "option": "accessory.ring"
          },
          "rarity": {
            "option": "rare"
          }
        }
      },
      "equipment_filters": {
        "filters": {
          "ev": {
            "min": 1099
          }
        }
      },
      "trade_filters": {
        "filters": {
          "price": {
            "min": 5,
            "option": "exalted"
          }
        }
      }
    }
  },
  "sort": {
    "price": "asc"
  }
}
