---
source: crates/parser/tests/snapshots.rs
expression: item
input_file: crates/parser/tests/items/currency_essence.txt
---
Item {
    item_class: "Stackable Currency",
    rarity: Currency,
    name: Some(
        "Perfect Essence of Sorcery",
    ),
    base_type: None,
    item_level: None,
    quality: None,
    requirements: Requirements {
        level: None,
        strength: None,
        dexterity: None,
        intelligence: None,
    },
    sockets: None,
    stack_size: Some(
        StackSize {
            count: 13,
            max: 10,
        },
    ),
    properties: [
        Property {
            name: "Wand",
            value: "+3 to Level of all Spell Skills",
        },
        Property {
            name: "Staff",
            value: "+5 to Level of all Spell Skills",
        },
    ],
    rune_mods: [],
    modifiers: [],
    flavour_text: [],
    notes: [],
    corrupted: false,
    mirrored: false,
    unidentified: false,
    fractured: false,
    flags: [],
}
