---
source: crates/parser/tests/snapshots.rs
assertion_line: 11
expression: item
input_file: crates/parser/tests/items/currency_catalyst.txt
---
Item {
    item_class: "Stackable Currency",
    rarity: Currency,
    name: Some(
        "Skittering Catalyst",
    ),
    base_type: None,
    item_level: None,
    quality: None,
    requirements: Requirements {
        level: None,
        strength: None,
        dexterity: None,
        intelligence: None,
    },
    sockets: None,
    stack_size: Some(
        StackSize {
            count: 3,
            max: 10,
        },
    ),
    properties: [],
    rune_mods: [],
    modifiers: [],
    flavour_text: [],
    description: [
        "Adds quality that enhances Speed modifiers on a ring or amulet",
        "Replaces other quality types",
        "Right click this item then left click a ring or amulet to apply it.",
        "Shift click to unstack.",
    ],
    notes: [],
    corrupted: false,
    mirrored: false,
    unidentified: false,
    fractured: false,
    flags: [],
}
